// Jest Snapshot v1, https://goo.gl/fbAQLP

exports[`component snapshoot render with all props 1`] = `
<li
  className="list-item js--hover"
>
  <figure
    className="list-figure"
  >
    <figcaption
      className="list-figcaption"
    >
      <h3
        className="list-item__title"
      >
        Test title
      </h3>
      <h4
        className="list-item__sub-title"
      >
        Subtitle test
      </h4>
    </figcaption>
    <div
      className="list-item__img-fix"
      style={
        Object {
          "backgroundImage": "url(https://source.unsplash.com/random)",
        }
      }
    />
    <img
      alt="Test title image"
      className="list-item__img"
      src="https://source.unsplash.com/random"
    />
    <div
      className="list-item__content"
    >
      <p
        className="list-item__description"
      >
        Aenean vitae neque ultricies, egestas eros non, bibendum purus.
    Suspendisse sodales quam non lectus imperdiet dignissim.
      </p>
      <button
        className="list-item__action"
      >
        Call now
      </button>
    </div>
    <span
      className="list-item__span"
    />
  </figure>
</li>
`;

exports[`component snapshoot render without props 1`] = `
<li
  className="list-item js--hover"
>
  <figure
    className="list-figure"
  >
    <figcaption
      className="list-figcaption"
    >
      <h3
        className="list-item__title"
      >
        Test title
      </h3>
      <h4
        className="list-item__sub-title"
      >
        Subtitle test
      </h4>
    </figcaption>
    <div
      className="list-item__img-fix"
      style={
        Object {
          "backgroundImage": "url(https://source.unsplash.com/random)",
        }
      }
    />
    <img
      alt="Test title image"
      className="list-item__img"
      src="https://source.unsplash.com/random"
    />
    <div
      className="list-item__content"
    >
      <p
        className="list-item__description"
      >
        Aenean vitae neque ultricies, egestas eros non, bibendum purus.
    Suspendisse sodales quam non lectus imperdiet dignissim.
      </p>
      <button
        className="list-item__action"
      >
        Call now
      </button>
    </div>
    <span
      className="list-item__span"
    />
  </figure>
</li>
`;
